cluster with custom pg_hba:
  1: |
    parameters: null
    pg_hba:
      - host replication postgres all scram-sha-256
cluster with custom pgparams:
  1: |
    parameters:
      TimeZone: Europe/Paris
      work_mem: 512MB
    pg_hba: null
cluster with enabled backup and recovery:
  1: |
    backup:
      barmanObjectStore:
        destinationPath: s3://backups/
        endpointURL: http://minio:9000
        s3Credentials:
          accessKeyId:
            key: ACCESS_KEY_ID
            name: minio
          region:
            key: DEFAULT_REGION
            name: minio
          secretAccessKey:
            key: ACCESS_SECRET_KEY
            name: minio
      retentionPolicy: 30d
    bootstrap:
      recovery:
        recoveryTarget:
          targetTime: 2020-11-26 15:22:00.00000+00
        source: recovery-cluster
    externalClusters:
      - barmanObjectStore:
          destinationPath: s3://backups/
          endpointURL: http://minio:9000
          s3Credentials:
            accessKeyId:
              key: ACCESS_KEY_ID
              name: minio
            secretAccessKey:
              key: ACCESS_SECRET_KEY
              name: minio
          serverName: my-cluster-to-restore
        name: recovery-cluster
    imageName: ghcr.io/cloudnative-pg/postgis:15
    imagePullPolicy: IfNotPresent
    instances: 1
    maxSyncReplicas: 0
    minSyncReplicas: 0
    monitoring:
      enablePodMonitor: false
    postgresql:
      parameters: null
      pg_hba: null
    storage:
      size: 8Gi
  2: |
    concurrencyPolicy: Forbid
    jobTemplate:
      spec:
        backoffLimit: 0
        template:
          metadata:
            labels:
              app: cnpg-backup-s3-client
            name: backup-cron
          spec:
            containers:
              - env:
                  - name: AWS_ACCESS_KEY_ID
                    valueFrom:
                      secretKeyRef:
                        key: bucket_access_key
                        name: minio
                  - name: AWS_SECRET_ACCESS_KEY
                    valueFrom:
                      secretKeyRef:
                        key: bucket_secret_key
                        name: minio
                  - name: AWS_DEFAULT_REGION
                    valueFrom:
                      secretKeyRef:
                        key: bucket_region
                        name: minio
                  - name: AWS_ENDPOINT_URL
                    value: http://minio:9000
                  - name: DESTINATION_PATH
                    value: s3://backups/RELEASE-NAME-cnpg-cluster/dumps
                  - name: PGPASSWORD
                    valueFrom:
                      secretKeyRef:
                        key: password
                        name: RELEASE-NAME-cnpg-cluster-superuser
                  - name: PGUSER
                    valueFrom:
                      secretKeyRef:
                        key: username
                        name: RELEASE-NAME-cnpg-cluster-superuser
                  - name: PGDATABASE
                    value: app
                  - name: PGHOST
                    value: RELEASE-NAME-cnpg-cluster-r
                image: ghcr.io/socialgouv/docker/s3-client:1.1.0
                imagePullPolicy: IfNotPresent
                name: s3-client
                securityContext:
                  allowPrivilegeEscalation: false
            restartPolicy: Never
            securityContext:
              fsGroup: 1001
              runAsGroup: 1001
              runAsUser: 1001
    schedule: 4 5 * * 0
  3: |
    backupOwnerReference: self
    cluster:
      name: RELEASE-NAME-cnpg-cluster
    schedule: 1 2 3 * * 0
cluster with monitoring:
  1: |
    apiVersion: postgresql.cnpg.io/v1
    kind: Pooler
    metadata:
      labels:
        app.kubernetes.io/instance: RELEASE-NAME
        app.kubernetes.io/managed-by: Helm
        app.kubernetes.io/name: cnpg-cluster
        app.kubernetes.io/version: "15"
        cnpg.io/poolerName: RELEASE-NAME-cnpg-cluster-rw
        helm.sh/chart: cnpg-cluster-1.12.1
      name: RELEASE-NAME-cnpg-cluster-rw
    spec:
      cluster:
        name: RELEASE-NAME-cnpg-cluster
      instances: 3
      monitoring:
        enablePodMonitor: true
cluster with pg_basebackup:
  1: |
    - connectionParameters:
        dbname: app
        host: some-host-to-replicate-from
        user: postgres
      name: source-cluster
      password:
        key: password
        name: source-secret-for-source-replication
  2: |
    pg_basebackup:
      source: source-cluster
cluster with recovery enabled:
  1: |
    bootstrap:
      recovery:
        recoveryTarget:
          targetTime: 2020-11-26 15:22:00.00000+00
        source: recovery-cluster
    externalClusters:
      - barmanObjectStore:
          destinationPath: s3://backups/
          endpointURL: http://minio:9000
          s3Credentials:
            accessKeyId:
              key: ACCESS_KEY_ID
              name: minio
            secretAccessKey:
              key: ACCESS_SECRET_KEY
              name: minio
          serverName: my-cluster-to-restore
        name: recovery-cluster
    imageName: ghcr.io/cloudnative-pg/postgis:15
    imagePullPolicy: IfNotPresent
    instances: 1
    maxSyncReplicas: 0
    minSyncReplicas: 0
    monitoring:
      enablePodMonitor: false
    postgresql:
      parameters: null
      pg_hba: null
    storage:
      size: 8Gi
cluster with replication:
  1: |
    - connectionParameters:
        dbname: app
        host: some-host-to-replicate-from
        user: postgres
      name: source-cluster
      password:
        key: password
        name: source-secret-for-source-replication
  2: |
    pg_basebackup:
      source: source-cluster
  3: |
    enabled: true
    source: source-cluster
cluster with scheduled backup enabled:
  1: |
    backup:
      barmanObjectStore:
        destinationPath: s3://backups/
        endpointURL: http://minio:9000
        s3Credentials:
          accessKeyId:
            key: ACCESS_KEY_ID
            name: minio
          region:
            key: DEFAULT_REGION
            name: minio
          secretAccessKey:
            key: ACCESS_SECRET_KEY
            name: minio
      retentionPolicy: 30d
    bootstrap:
      initdb:
        database: app
        owner: app
        postInitTemplateSQL: null
    externalClusters: null
    imageName: ghcr.io/cloudnative-pg/postgis:15
    imagePullPolicy: IfNotPresent
    instances: 1
    maxSyncReplicas: 0
    minSyncReplicas: 0
    monitoring:
      enablePodMonitor: false
    postgresql:
      parameters: null
      pg_hba: null
    storage:
      size: 8Gi
