custom pgSecretName:
  1: |
    replicas: 1
    selector:
      matchLabels:
        component: pgweb
    template:
      metadata:
        labels:
          application: null
          component: pgweb
      spec:
        containers:
          - env: null
            envFrom:
              - secretRef:
                  name: custom-secret
            image: sosedoff/pgweb:0.14.1
            livenessProbe:
              failureThreshold: 6
              httpGet:
                path: /
                port: http
              initialDelaySeconds: 30
              periodSeconds: 5
              timeoutSeconds: 5
            name: pgweb
            ports:
              - containerPort: 8081
                name: http
            readinessProbe:
              failureThreshold: 15
              httpGet:
                path: /
                port: http
              initialDelaySeconds: 1
              periodSeconds: 5
              successThreshold: 1
              timeoutSeconds: 1
            resources:
              limits:
                cpu: 500m
                memory: 256Mi
              requests:
                cpu: 50m
                memory: 64Mi
            startupProbe:
              failureThreshold: 12
              httpGet:
                path: /
                port: http
              periodSeconds: 5
should render:
  1: |
    replicas: 1
    selector:
      matchLabels:
        component: pgweb
    template:
      metadata:
        labels:
          application: null
          component: pgweb
      spec:
        containers:
          - env: null
            envFrom: null
            image: sosedoff/pgweb:0.14.1
            livenessProbe:
              failureThreshold: 6
              httpGet:
                path: /
                port: http
              initialDelaySeconds: 30
              periodSeconds: 5
              timeoutSeconds: 5
            name: pgweb
            ports:
              - containerPort: 8081
                name: http
            readinessProbe:
              failureThreshold: 15
              httpGet:
                path: /
                port: http
              initialDelaySeconds: 1
              periodSeconds: 5
              successThreshold: 1
              timeoutSeconds: 1
            resources:
              limits:
                cpu: 500m
                memory: 256Mi
              requests:
                cpu: 50m
                memory: 64Mi
            startupProbe:
              failureThreshold: 12
              httpGet:
                path: /
                port: http
              periodSeconds: 5
